2025-09-02 14:48:37.667 +03:30 [WRN] The WebRootPath was not found: D:\Trader\Trader\Api\wwwroot. Static files may be unavailable.
2025-09-02 14:49:03.548 +03:30 [WRN] The WebRootPath was not found: D:\Trader\Trader\Api\wwwroot. Static files may be unavailable.
2025-09-02 14:50:02.448 +03:30 [INF] HTTP GET /Scalar/docs responded 200 in 367.9 ms
2025-09-02 14:50:02.585 +03:30 [INF] HTTP GET /Scalar/scalar.aspnetcore.js responded 304 in 16.4 ms
2025-09-02 14:50:02.596 +03:30 [INF] HTTP GET /Scalar/scalar.js responded 304 in 0.6 ms
2025-09-02 14:50:03.255 +03:30 [INF] HTTP GET /favicon.ico responded 404 in 0.2 ms
2025-09-02 14:50:08.408 +03:30 [INF] HTTP GET /openapi/docs.json responded 200 in 1395.5 ms
2025-09-02 14:50:08.408 +03:30 [INF] HTTP GET /openapi/docs.json responded 200 in 1346.8 ms
2025-09-02 14:50:33.005 +03:30 [INF] HTTP GET /api/demo/auth/url responded 200 in 1399.4 ms
2025-09-02 14:50:49.108 +03:30 [INF] HTTP GET /api/ct/auth/callback responded 404 in 0.0 ms
2025-09-02 14:50:59.546 +03:30 [INF] HTTP GET /api/ct/auth/callback responded 404 in 0.0 ms
2025-09-02 14:51:20.914 +03:30 [INF] HTTP GET /api/demo/auth/callback responded 400 in 161.7 ms
2025-09-02 14:51:57.945 +03:30 [ERR] ❌ Token exchange failed. client_id_len=56, redirect=http://localhost:5005/api/ct/auth/callback
System.Net.Http.HttpRequestException: NotFound, The HTTP request for getting access token was not successful
   at OpenAPI.Net.Auth.TokenFactory.GetToken(String authCode, App app, HttpClient client, String authUri)
   at OpenAPI.Net.Auth.TokenFactory.GetToken(String authCode, App app, String authUri)
   at Api.Controllers.CTraderController.Callback(String code) in D:\Trader\Trader\Api\Controllers\CTraderController.cs:line 33
2025-09-02 14:51:58.127 +03:30 [ERR] HTTP GET /api/demo/auth/callback responded 500 in 1452.3 ms
2025-09-02 14:52:30.390 +03:30 [ERR] ❌ Token exchange failed. client_id_len=56, redirect=http://localhost:5005/api/ct/auth/callback
System.Net.Http.HttpRequestException: NotFound, The HTTP request for getting access token was not successful
   at OpenAPI.Net.Auth.TokenFactory.GetToken(String authCode, App app, HttpClient client, String authUri)
   at OpenAPI.Net.Auth.TokenFactory.GetToken(String authCode, App app, String authUri)
   at Api.Controllers.CTraderController.Callback(String code) in D:\Trader\Trader\Api\Controllers\CTraderController.cs:line 33
2025-09-02 14:52:30.400 +03:30 [ERR] HTTP GET /api/demo/auth/callback responded 500 in 656.0 ms
2025-09-02 14:52:55.138 +03:30 [INF] HTTP GET /api/demo/accounts responded 400 in 11.7 ms
2025-09-02 14:53:15.521 +03:30 [ERR] HTTP GET /api/demo/accounts responded 500 in 269.3 ms
System.InvalidOperationException: Property 'Ctid' is null
   at Infrastructure.Maine.OpenApiCompat.GetLong(Object src, String propName) in D:\Trader\Trader\Infrastructure\Maine\OpenApiCompat.cs:line 97
   at Api.Controllers.CTraderController.Accounts(String accessToken) in D:\Trader\Trader\Api\Controllers\CTraderController.cs:line 65
   at Microsoft.AspNetCore.Mvc.Infrastructure.ActionMethodExecutor.TaskOfIActionResultExecutor.Execute(ActionContext actionContext, IActionResultTypeMapper mapper, ObjectMethodExecutor executor, Object controller, Object[] arguments)
   at Microsoft.AspNetCore.Mvc.Infrastructure.ControllerActionInvoker.<InvokeActionMethodAsync>g__Logged|12_1(ControllerActionInvoker invoker)
   at Microsoft.AspNetCore.Mvc.Infrastructure.ControllerActionInvoker.<InvokeNextActionFilterAsync>g__Awaited|10_0(ControllerActionInvoker invoker, Task lastTask, State next, Scope scope, Object state, Boolean isCompleted)
   at Microsoft.AspNetCore.Mvc.Infrastructure.ControllerActionInvoker.Rethrow(ActionExecutedContextSealed context)
   at Microsoft.AspNetCore.Mvc.Infrastructure.ControllerActionInvoker.Next(State& next, Scope& scope, Object& state, Boolean& isCompleted)
   at Microsoft.AspNetCore.Mvc.Infrastructure.ControllerActionInvoker.<InvokeInnerFilterAsync>g__Awaited|13_0(ControllerActionInvoker invoker, Task lastTask, State next, Scope scope, Object state, Boolean isCompleted)
   at Microsoft.AspNetCore.Mvc.Infrastructure.ResourceInvoker.<InvokeFilterPipelineAsync>g__Awaited|20_0(ResourceInvoker invoker, Task lastTask, State next, Scope scope, Object state, Boolean isCompleted)
   at Microsoft.AspNetCore.Mvc.Infrastructure.ResourceInvoker.<InvokeAsync>g__Logged|17_1(ResourceInvoker invoker)
   at Microsoft.AspNetCore.Mvc.Infrastructure.ResourceInvoker.<InvokeAsync>g__Logged|17_1(ResourceInvoker invoker)
   at NSwag.AspNetCore.Middlewares.OpenApiDocumentMiddleware.Invoke(HttpContext context)
   at Serilog.AspNetCore.RequestLoggingMiddleware.Invoke(HttpContext httpContext)
2025-09-02 14:53:15.579 +03:30 [ERR] An unhandled exception has occurred while executing the request.
System.InvalidOperationException: Property 'Ctid' is null
   at Infrastructure.Maine.OpenApiCompat.GetLong(Object src, String propName) in D:\Trader\Trader\Infrastructure\Maine\OpenApiCompat.cs:line 97
   at Api.Controllers.CTraderController.Accounts(String accessToken) in D:\Trader\Trader\Api\Controllers\CTraderController.cs:line 65
   at Microsoft.AspNetCore.Mvc.Infrastructure.ActionMethodExecutor.TaskOfIActionResultExecutor.Execute(ActionContext actionContext, IActionResultTypeMapper mapper, ObjectMethodExecutor executor, Object controller, Object[] arguments)
   at Microsoft.AspNetCore.Mvc.Infrastructure.ControllerActionInvoker.<InvokeActionMethodAsync>g__Logged|12_1(ControllerActionInvoker invoker)
   at Microsoft.AspNetCore.Mvc.Infrastructure.ControllerActionInvoker.<InvokeNextActionFilterAsync>g__Awaited|10_0(ControllerActionInvoker invoker, Task lastTask, State next, Scope scope, Object state, Boolean isCompleted)
   at Microsoft.AspNetCore.Mvc.Infrastructure.ControllerActionInvoker.Rethrow(ActionExecutedContextSealed context)
   at Microsoft.AspNetCore.Mvc.Infrastructure.ControllerActionInvoker.Next(State& next, Scope& scope, Object& state, Boolean& isCompleted)
   at Microsoft.AspNetCore.Mvc.Infrastructure.ControllerActionInvoker.<InvokeInnerFilterAsync>g__Awaited|13_0(ControllerActionInvoker invoker, Task lastTask, State next, Scope scope, Object state, Boolean isCompleted)
   at Microsoft.AspNetCore.Mvc.Infrastructure.ResourceInvoker.<InvokeFilterPipelineAsync>g__Awaited|20_0(ResourceInvoker invoker, Task lastTask, State next, Scope scope, Object state, Boolean isCompleted)
   at Microsoft.AspNetCore.Mvc.Infrastructure.ResourceInvoker.<InvokeAsync>g__Logged|17_1(ResourceInvoker invoker)
   at Microsoft.AspNetCore.Mvc.Infrastructure.ResourceInvoker.<InvokeAsync>g__Logged|17_1(ResourceInvoker invoker)
   at NSwag.AspNetCore.Middlewares.OpenApiDocumentMiddleware.Invoke(HttpContext context)
   at Serilog.AspNetCore.RequestLoggingMiddleware.Invoke(HttpContext httpContext)
   at Microsoft.AspNetCore.RateLimiting.RateLimitingMiddleware.InvokeInternal(HttpContext context, EnableRateLimitingAttribute enableRateLimitingAttribute)
   at Microsoft.AspNetCore.Authorization.AuthorizationMiddleware.Invoke(HttpContext context)
   at Microsoft.AspNetCore.Authentication.AuthenticationMiddleware.Invoke(HttpContext context)
   at Microsoft.AspNetCore.Diagnostics.DeveloperExceptionPageMiddlewareImpl.Invoke(HttpContext context)
