2025-09-04 12:54:16.172 +03:30 [WRN] The WebRootPath was not found: D:\Trader\Trader\Api\wwwroot. Static files may be unavailable.
2025-09-04 12:54:17.916 +03:30 [INF] Starting Hangfire Server using job storage: 'Hangfire.MemoryStorage.MemoryStorage'
2025-09-04 12:54:17.965 +03:30 [INF] Using the following options for Hangfire Server:
    Worker count: 20
    Listening queues: 'default'
    Shutdown timeout: 00:00:15
    Schedule polling interval: 00:00:15
2025-09-04 12:54:18.630 +03:30 [INF] Server desktop-oc3thlo:18380:bb7b6de8 successfully announced in 25.4447 ms
2025-09-04 12:54:18.764 +03:30 [INF] Server desktop-oc3thlo:18380:bb7b6de8 is starting the registered dispatchers: ServerWatchdog, ServerJobCancellationWatcher, ExpirationManager, CountersAggregator, Worker, DelayedJobScheduler, RecurringJobScheduler...
2025-09-04 12:54:19.682 +03:30 [INF] Server desktop-oc3thlo:18380:bb7b6de8 all the dispatchers started
2025-09-04 12:54:20.746 +03:30 [INF] HTTP GET /hangfire responded 200 in 1264.0 ms
2025-09-04 12:54:20.924 +03:30 [INF] HTTP GET /hangfire/css-dark182101881858666 responded 200 in 2.2 ms
2025-09-04 12:54:20.982 +03:30 [INF] HTTP GET /hangfire/js18210977059916 responded 200 in 99.8 ms
2025-09-04 12:54:20.967 +03:30 [INF] HTTP GET /hangfire/css182101535318952 responded 200 in 84.2 ms
2025-09-04 12:54:24.467 +03:30 [INF] HTTP POST /hangfire/stats responded 200 in 287.8 ms
2025-09-04 12:54:26.916 +03:30 [INF] HTTP POST /hangfire/stats responded 200 in 2.6 ms
2025-09-04 12:54:28.950 +03:30 [INF] HTTP POST /hangfire/stats responded 200 in 0.6 ms
2025-09-04 12:54:29.709 +03:30 [INF] HTTP GET /hangfire/jobs/enqueued responded 200 in 34.4 ms
2025-09-04 12:54:31.997 +03:30 [INF] HTTP POST /hangfire/stats responded 200 in 3.5 ms
2025-09-04 12:54:32.215 +03:30 [INF] HTTP GET /hangfire/retries responded 200 in 14.1 ms
2025-09-04 12:54:33.307 +03:30 [INF] HTTP GET /hangfire/recurring responded 200 in 102.3 ms
2025-09-04 12:54:34.565 +03:30 [INF] HTTP GET /hangfire/servers responded 200 in 42.1 ms
2025-09-04 12:54:35.989 +03:30 [INF] HTTP GET /hangfire/recurring responded 200 in 4.5 ms
2025-09-04 12:54:38.179 +03:30 [INF] HTTP POST /hangfire/stats responded 200 in 1.7 ms
2025-09-04 12:54:40.201 +03:30 [INF] HTTP POST /hangfire/stats responded 200 in 0.7 ms
2025-09-04 12:54:41.288 +03:30 [INF] HTTP POST /hangfire/recurring/trigger responded 204 in 99.7 ms
2025-09-04 12:54:41.333 +03:30 [INF] HTTP GET /hangfire/recurring responded 200 in 15.0 ms
2025-09-04 12:54:48.119 +03:30 [INF] HTTP POST /hangfire/stats responded 200 in 0.4 ms
2025-09-04 12:54:49.000 +03:30 [INF] --- Trading Job Started ---
2025-09-04 12:54:52.946 +03:30 [INF] HTTP POST /hangfire/stats responded 200 in 764.2 ms
2025-09-04 12:54:55.078 +03:30 [INF] C#: Attempting to establish a persistent connection to MQL4...
2025-09-04 12:54:58.397 +03:30 [INF] C#: Persistent connection established.
2025-09-04 12:54:58.398 +03:30 [INF] HTTP POST /hangfire/stats responded 200 in 0.6 ms
2025-09-04 12:55:08.630 +03:30 [INF] C#: Sent command: 'GET_MARKET_DATA,EURUSD'
2025-09-04 12:55:10.644 +03:30 [INF] HTTP POST /hangfire/stats responded 200 in 0.9 ms
2025-09-04 12:55:12.673 +03:30 [INF] HTTP POST /hangfire/stats responded 200 in 0.5 ms
2025-09-04 12:55:14.698 +03:30 [INF] HTTP POST /hangfire/stats responded 200 in 0.9 ms
2025-09-04 12:55:16.724 +03:30 [INF] HTTP POST /hangfire/stats responded 200 in 0.5 ms
2025-09-04 12:55:18.748 +03:30 [INF] HTTP POST /hangfire/stats responded 200 in 2.7 ms
2025-09-04 12:55:20.769 +03:30 [INF] HTTP POST /hangfire/stats responded 200 in 0.3 ms
2025-09-04 12:55:22.811 +03:30 [INF] HTTP POST /hangfire/stats responded 200 in 0.8 ms
2025-09-04 12:55:24.833 +03:30 [INF] HTTP POST /hangfire/stats responded 200 in 0.4 ms
2025-09-04 12:55:26.935 +03:30 [INF] HTTP POST /hangfire/stats responded 200 in 19.0 ms
2025-09-04 12:55:31.628 +03:30 [INF] HTTP POST /hangfire/stats responded 200 in 0.4 ms
2025-09-04 12:55:33.659 +03:30 [INF] HTTP POST /hangfire/stats responded 200 in 0.5 ms
2025-09-04 12:55:35.674 +03:30 [INF] HTTP POST /hangfire/stats responded 200 in 0.5 ms
2025-09-04 12:55:37.697 +03:30 [INF] HTTP POST /hangfire/stats responded 200 in 0.6 ms
2025-09-04 12:55:51.233 +03:30 [WRN] The WebRootPath was not found: D:\Trader\Trader\Api\wwwroot. Static files may be unavailable.
2025-09-04 12:55:51.471 +03:30 [INF] Starting Hangfire Server using job storage: 'Hangfire.MemoryStorage.MemoryStorage'
2025-09-04 12:55:51.475 +03:30 [INF] Using the following options for Hangfire Server:
    Worker count: 20
    Listening queues: 'default'
    Shutdown timeout: 00:00:15
    Schedule polling interval: 00:00:15
2025-09-04 12:55:51.544 +03:30 [INF] Server desktop-oc3thlo:13208:46cc51b5 successfully announced in 15.3395 ms
2025-09-04 12:55:51.551 +03:30 [INF] Server desktop-oc3thlo:13208:46cc51b5 is starting the registered dispatchers: ServerWatchdog, ServerJobCancellationWatcher, ExpirationManager, CountersAggregator, Worker, DelayedJobScheduler, RecurringJobScheduler...
2025-09-04 12:55:51.568 +03:30 [INF] Server desktop-oc3thlo:13208:46cc51b5 all the dispatchers started
2025-09-04 12:55:56.431 +03:30 [INF] HTTP GET /hangfire/recurring responded 200 in 178.6 ms
2025-09-04 12:55:56.476 +03:30 [INF] HTTP GET /hangfire/css-dark18210871115837 responded 200 in 9.1 ms
2025-09-04 12:55:56.505 +03:30 [INF] HTTP GET /hangfire/css182101104984638 responded 200 in 38.4 ms
2025-09-04 12:55:56.505 +03:30 [INF] HTTP GET /hangfire/js182101809496362 responded 200 in 38.4 ms
2025-09-04 12:55:58.768 +03:30 [INF] HTTP POST /hangfire/stats responded 200 in 77.1 ms
2025-09-04 12:56:00.786 +03:30 [INF] HTTP POST /hangfire/stats responded 200 in 1.5 ms
2025-09-04 12:56:02.867 +03:30 [INF] HTTP POST /hangfire/stats responded 200 in 1.1 ms
2025-09-04 12:56:03.429 +03:30 [INF] HTTP POST /hangfire/recurring/trigger responded 204 in 93.7 ms
2025-09-04 12:56:03.465 +03:30 [INF] HTTP GET /hangfire/recurring responded 200 in 16.3 ms
2025-09-04 12:56:03.520 +03:30 [INF] --- Trading Job Started ---
2025-09-04 12:56:03.522 +03:30 [INF] C#: Attempting to establish a persistent connection to MQL4...
2025-09-04 12:56:05.622 +03:30 [INF] HTTP POST /hangfire/stats responded 200 in 0.9 ms
2025-09-04 12:56:08.564 +03:30 [INF] HTTP POST /hangfire/stats responded 200 in 0.5 ms
2025-09-04 12:56:08.540 +03:30 [ERR] An exception occurred in TradingJob.
System.TimeoutException: The operation has timed out.
   at System.IO.Pipes.NamedPipeClientStream.ConnectInternal(Int32 timeout, CancellationToken cancellationToken, Int32 startTime)
   at Infrastructure.Helpers.MetaTraderPipeClient.Connect() in D:\Trader\Trader\Infrastructure\Helpers\MetaTraderPipeClient.cs:line 15
   at Infrastructure.Extention.TradingJob.Execute() in D:\Trader\Trader\Infrastructure\Extention\TradingJob.cs:line 20
2025-09-04 12:56:08.584 +03:30 [INF] --- Trading Job Finished ---
2025-09-04 12:56:10.613 +03:30 [INF] HTTP POST /hangfire/stats responded 200 in 2.6 ms
2025-09-04 12:56:12.668 +03:30 [INF] HTTP POST /hangfire/stats responded 200 in 1.6 ms
2025-09-04 12:56:14.690 +03:30 [INF] HTTP POST /hangfire/stats responded 200 in 0.5 ms
2025-09-04 12:56:16.716 +03:30 [INF] HTTP POST /hangfire/stats responded 200 in 1.0 ms
2025-09-04 12:56:18.745 +03:30 [INF] HTTP POST /hangfire/stats responded 200 in 0.9 ms
2025-09-04 12:56:20.778 +03:30 [INF] HTTP POST /hangfire/stats responded 200 in 0.5 ms
2025-09-04 12:56:22.797 +03:30 [INF] HTTP POST /hangfire/stats responded 200 in 0.6 ms
2025-09-04 12:56:24.823 +03:30 [INF] HTTP POST /hangfire/stats responded 200 in 0.5 ms
2025-09-04 12:56:26.848 +03:30 [INF] HTTP POST /hangfire/stats responded 200 in 0.6 ms
2025-09-04 12:56:28.912 +03:30 [INF] HTTP POST /hangfire/stats responded 200 in 0.5 ms
2025-09-04 12:56:30.942 +03:30 [INF] HTTP POST /hangfire/stats responded 200 in 1.8 ms
2025-09-04 12:56:32.994 +03:30 [INF] HTTP POST /hangfire/stats responded 200 in 0.5 ms
2025-09-04 12:56:35.073 +03:30 [INF] HTTP POST /hangfire/stats responded 200 in 0.4 ms
2025-09-04 12:56:37.091 +03:30 [INF] HTTP POST /hangfire/stats responded 200 in 1.4 ms
2025-09-04 12:56:39.115 +03:30 [INF] HTTP POST /hangfire/stats responded 200 in 0.6 ms
2025-09-04 12:56:41.144 +03:30 [INF] HTTP POST /hangfire/stats responded 200 in 0.6 ms
2025-09-04 12:56:43.176 +03:30 [INF] HTTP POST /hangfire/stats responded 200 in 0.7 ms
2025-09-04 12:56:44.909 +03:30 [INF] HTTP POST /hangfire/recurring/trigger responded 204 in 3.3 ms
2025-09-04 12:56:44.910 +03:30 [INF] --- Trading Job Started ---
2025-09-04 12:56:44.915 +03:30 [INF] C#: Attempting to establish a persistent connection to MQL4...
2025-09-04 12:56:44.933 +03:30 [INF] HTTP GET /hangfire/recurring responded 200 in 2.6 ms
2025-09-04 12:56:48.025 +03:30 [INF] HTTP POST /hangfire/stats responded 200 in 0.4 ms
2025-09-04 12:56:49.927 +03:30 [ERR] An exception occurred in TradingJob.
System.TimeoutException: The operation has timed out.
   at System.IO.Pipes.NamedPipeClientStream.ConnectInternal(Int32 timeout, CancellationToken cancellationToken, Int32 startTime)
   at Infrastructure.Helpers.MetaTraderPipeClient.Connect() in D:\Trader\Trader\Infrastructure\Helpers\MetaTraderPipeClient.cs:line 15
   at Infrastructure.Extention.TradingJob.Execute() in D:\Trader\Trader\Infrastructure\Extention\TradingJob.cs:line 20
2025-09-04 12:56:49.933 +03:30 [INF] --- Trading Job Finished ---
2025-09-04 12:56:50.042 +03:30 [INF] HTTP POST /hangfire/stats responded 200 in 0.8 ms
2025-09-04 12:56:52.062 +03:30 [INF] HTTP POST /hangfire/stats responded 200 in 0.4 ms
2025-09-04 12:56:54.088 +03:30 [INF] HTTP POST /hangfire/stats responded 200 in 0.3 ms
2025-09-04 12:56:56.130 +03:30 [INF] HTTP POST /hangfire/stats responded 200 in 0.3 ms
2025-09-04 12:56:58.159 +03:30 [INF] HTTP POST /hangfire/stats responded 200 in 0.9 ms
2025-09-04 12:57:00.211 +03:30 [INF] HTTP POST /hangfire/stats responded 200 in 0.8 ms
2025-09-04 12:57:02.245 +03:30 [INF] HTTP POST /hangfire/stats responded 200 in 0.6 ms
2025-09-04 12:57:04.277 +03:30 [INF] HTTP POST /hangfire/stats responded 200 in 0.4 ms
2025-09-04 12:57:06.301 +03:30 [INF] HTTP POST /hangfire/stats responded 200 in 0.4 ms
2025-09-04 12:57:08.322 +03:30 [INF] HTTP POST /hangfire/stats responded 200 in 0.7 ms
2025-09-04 12:57:10.361 +03:30 [INF] HTTP POST /hangfire/stats responded 200 in 0.4 ms
2025-09-04 12:57:12.403 +03:30 [INF] HTTP POST /hangfire/stats responded 200 in 0.4 ms
2025-09-04 12:57:14.435 +03:30 [INF] HTTP POST /hangfire/stats responded 200 in 0.4 ms
2025-09-04 12:57:16.534 +03:30 [INF] HTTP POST /hangfire/stats responded 200 in 0.5 ms
2025-09-04 12:57:18.552 +03:30 [INF] HTTP POST /hangfire/stats responded 200 in 0.4 ms
2025-09-04 12:57:20.576 +03:30 [INF] HTTP POST /hangfire/stats responded 200 in 0.3 ms
2025-09-04 12:57:22.609 +03:30 [INF] HTTP POST /hangfire/stats responded 200 in 1.1 ms
2025-09-04 12:57:24.649 +03:30 [INF] HTTP POST /hangfire/stats responded 200 in 0.4 ms
2025-09-04 12:57:26.665 +03:30 [INF] HTTP POST /hangfire/stats responded 200 in 0.2 ms
2025-09-04 12:57:28.694 +03:30 [INF] HTTP POST /hangfire/stats responded 200 in 0.7 ms
2025-09-04 12:57:30.718 +03:30 [INF] HTTP POST /hangfire/stats responded 200 in 0.3 ms
2025-09-04 12:57:31.034 +03:30 [INF] Server desktop-oc3thlo:13208:46cc51b5 caught stopping signal...
2025-09-04 12:57:31.046 +03:30 [INF] Server desktop-oc3thlo:13208:46cc51b5 All dispatchers stopped
2025-09-04 12:57:31.058 +03:30 [INF] Server desktop-oc3thlo:13208:46cc51b5 successfully reported itself as stopped in 1.5268 ms
2025-09-04 12:57:31.060 +03:30 [INF] Server desktop-oc3thlo:13208:46cc51b5 has been stopped in total 21.05 ms
2025-09-04 13:15:29.799 +03:30 [WRN] The WebRootPath was not found: D:\Trader\Trader\Api\wwwroot. Static files may be unavailable.
2025-09-04 13:15:30.112 +03:30 [INF] Starting Hangfire Server using job storage: 'Hangfire.MemoryStorage.MemoryStorage'
2025-09-04 13:15:30.117 +03:30 [INF] Using the following options for Hangfire Server:
    Worker count: 20
    Listening queues: 'default'
    Shutdown timeout: 00:00:15
    Schedule polling interval: 00:00:15
2025-09-04 13:15:30.199 +03:30 [INF] Server desktop-oc3thlo:12720:0b9df426 successfully announced in 18.6535 ms
2025-09-04 13:15:30.209 +03:30 [INF] Server desktop-oc3thlo:12720:0b9df426 is starting the registered dispatchers: ServerWatchdog, ServerJobCancellationWatcher, ExpirationManager, CountersAggregator, Worker, DelayedJobScheduler, RecurringJobScheduler...
2025-09-04 13:15:30.229 +03:30 [INF] Server desktop-oc3thlo:12720:0b9df426 all the dispatchers started
2025-09-04 13:15:50.578 +03:30 [INF] HTTP GET /hangfire responded 200 in 114.1 ms
2025-09-04 13:15:50.775 +03:30 [INF] HTTP GET /hangfire/css-dark1821062487828 responded 200 in 11.9 ms
2025-09-04 13:15:50.780 +03:30 [INF] HTTP GET /hangfire/css182101609289849 responded 200 in 17.6 ms
2025-09-04 13:15:50.832 +03:30 [INF] HTTP GET /hangfire/js18210595142693 responded 200 in 69.9 ms
2025-09-04 13:15:53.104 +03:30 [INF] HTTP POST /hangfire/stats responded 200 in 65.1 ms
2025-09-04 13:15:55.142 +03:30 [INF] HTTP POST /hangfire/stats responded 200 in 4.3 ms
2025-09-04 13:15:57.183 +03:30 [INF] HTTP POST /hangfire/stats responded 200 in 1.4 ms
2025-09-04 13:15:59.310 +03:30 [INF] HTTP POST /hangfire/stats responded 200 in 2.3 ms
2025-09-04 13:16:01.384 +03:30 [INF] HTTP POST /hangfire/stats responded 200 in 0.6 ms
2025-09-04 13:16:03.411 +03:30 [INF] HTTP POST /hangfire/stats responded 200 in 0.5 ms
2025-09-04 13:16:05.443 +03:30 [INF] HTTP POST /hangfire/stats responded 200 in 0.4 ms
2025-09-04 13:16:07.415 +03:30 [INF] HTTP GET /hangfire/ responded 200 in 1.5 ms
2025-09-04 13:16:09.693 +03:30 [INF] HTTP POST /hangfire/stats responded 200 in 1.3 ms
2025-09-04 13:16:11.730 +03:30 [INF] HTTP GET /hangfire/recurring responded 200 in 83.8 ms
2025-09-04 13:16:14.026 +03:30 [INF] HTTP POST /hangfire/stats responded 200 in 0.7 ms
2025-09-04 13:16:14.932 +03:30 [INF] HTTP POST /hangfire/recurring/trigger responded 204 in 75.0 ms
2025-09-04 13:16:14.962 +03:30 [INF] HTTP GET /hangfire/recurring responded 200 in 14.6 ms
2025-09-04 13:16:15.048 +03:30 [INF] --- Trading Job Started ---
2025-09-04 13:16:15.050 +03:30 [INF] C#: Attempting to establish a persistent connection to MQL4...
2025-09-04 13:16:16.588 +03:30 [INF] HTTP GET /hangfire/jobs/enqueued responded 200 in 43.5 ms
2025-09-04 13:16:18.707 +03:30 [INF] HTTP POST /hangfire/stats responded 200 in 0.4 ms
2025-09-04 13:16:18.894 +03:30 [INF] HTTP GET /hangfire/jobs/processing responded 200 in 53.0 ms
2025-09-04 13:16:20.061 +03:30 [ERR] An exception occurred in TradingJob.
System.TimeoutException: The operation has timed out.
   at System.IO.Pipes.NamedPipeClientStream.ConnectInternal(Int32 timeout, CancellationToken cancellationToken, Int32 startTime)
   at Infrastructure.Helpers.MetaTraderPipeClient.Connect() in D:\Trader\Trader\Infrastructure\Helpers\MetaTraderPipeClient.cs:line 15
   at Infrastructure.Extention.TradingJob.Execute() in D:\Trader\Trader\Infrastructure\Extention\TradingJob.cs:line 20
2025-09-04 13:16:20.094 +03:30 [INF] --- Trading Job Finished ---
2025-09-04 13:16:21.046 +03:30 [INF] HTTP POST /hangfire/stats responded 200 in 2.4 ms
2025-09-04 13:16:23.113 +03:30 [INF] HTTP POST /hangfire/stats responded 200 in 0.6 ms
2025-09-04 13:16:25.307 +03:30 [INF] HTTP POST /hangfire/stats responded 200 in 0.4 ms
2025-09-04 13:16:25.508 +03:30 [INF] HTTP GET /hangfire/ responded 200 in 0.8 ms
2025-09-04 13:16:27.694 +03:30 [INF] HTTP POST /hangfire/stats responded 200 in 0.5 ms
2025-09-04 13:16:29.538 +03:30 [INF] HTTP GET /hangfire/ responded 200 in 24.2 ms
2025-09-04 13:16:31.814 +03:30 [INF] HTTP POST /hangfire/stats responded 200 in 0.3 ms
2025-09-04 13:16:33.088 +03:30 [INF] HTTP GET /hangfire/recurring responded 200 in 3.8 ms
2025-09-04 13:16:35.352 +03:30 [INF] HTTP POST /hangfire/stats responded 200 in 0.9 ms
2025-09-04 13:16:36.215 +03:30 [INF] HTTP POST /hangfire/recurring/trigger responded 204 in 2.2 ms
2025-09-04 13:16:36.218 +03:30 [INF] --- Trading Job Started ---
2025-09-04 13:16:36.221 +03:30 [INF] C#: Attempting to establish a persistent connection to MQL4...
2025-09-04 13:16:36.230 +03:30 [INF] HTTP GET /hangfire/recurring responded 200 in 1.1 ms
2025-09-04 13:16:37.525 +03:30 [INF] HTTP POST /hangfire/recurring/trigger responded 204 in 1.1 ms
2025-09-04 13:16:37.526 +03:30 [INF] --- Trading Job Started ---
2025-09-04 13:16:37.531 +03:30 [INF] C#: Attempting to establish a persistent connection to MQL4...
2025-09-04 13:16:37.547 +03:30 [INF] HTTP GET /hangfire/recurring responded 200 in 2.0 ms
2025-09-04 13:16:38.357 +03:30 [INF] HTTP POST /hangfire/recurring/trigger responded 204 in 0.8 ms
2025-09-04 13:16:38.357 +03:30 [INF] --- Trading Job Started ---
2025-09-04 13:16:38.380 +03:30 [INF] C#: Attempting to establish a persistent connection to MQL4...
2025-09-04 13:16:38.380 +03:30 [INF] HTTP GET /hangfire/recurring responded 200 in 1.1 ms
2025-09-04 13:16:39.765 +03:30 [INF] HTTP GET /hangfire/ responded 200 in 0.8 ms
2025-09-04 13:16:41.228 +03:30 [ERR] An exception occurred in TradingJob.
System.TimeoutException: The operation has timed out.
   at System.IO.Pipes.NamedPipeClientStream.ConnectInternal(Int32 timeout, CancellationToken cancellationToken, Int32 startTime)
   at Infrastructure.Helpers.MetaTraderPipeClient.Connect() in D:\Trader\Trader\Infrastructure\Helpers\MetaTraderPipeClient.cs:line 15
   at Infrastructure.Extention.TradingJob.Execute() in D:\Trader\Trader\Infrastructure\Extention\TradingJob.cs:line 20
2025-09-04 13:16:41.260 +03:30 [INF] --- Trading Job Finished ---
2025-09-04 13:16:41.971 +03:30 [INF] HTTP POST /hangfire/stats responded 200 in 0.7 ms
2025-09-04 13:16:42.611 +03:30 [ERR] An exception occurred in TradingJob.
System.TimeoutException: The operation has timed out.
   at System.IO.Pipes.NamedPipeClientStream.ConnectInternal(Int32 timeout, CancellationToken cancellationToken, Int32 startTime)
   at Infrastructure.Helpers.MetaTraderPipeClient.Connect() in D:\Trader\Trader\Infrastructure\Helpers\MetaTraderPipeClient.cs:line 15
   at Infrastructure.Extention.TradingJob.Execute() in D:\Trader\Trader\Infrastructure\Extention\TradingJob.cs:line 20
2025-09-04 13:16:42.625 +03:30 [INF] --- Trading Job Finished ---
2025-09-04 13:16:43.410 +03:30 [ERR] An exception occurred in TradingJob.
System.TimeoutException: The operation has timed out.
   at System.IO.Pipes.NamedPipeClientStream.ConnectInternal(Int32 timeout, CancellationToken cancellationToken, Int32 startTime)
   at Infrastructure.Helpers.MetaTraderPipeClient.Connect() in D:\Trader\Trader\Infrastructure\Helpers\MetaTraderPipeClient.cs:line 15
   at Infrastructure.Extention.TradingJob.Execute() in D:\Trader\Trader\Infrastructure\Extention\TradingJob.cs:line 20
2025-09-04 13:16:43.419 +03:30 [INF] --- Trading Job Finished ---
2025-09-04 13:16:44.012 +03:30 [INF] HTTP POST /hangfire/stats responded 200 in 0.7 ms
2025-09-04 13:16:46.045 +03:30 [INF] HTTP POST /hangfire/stats responded 200 in 0.3 ms
2025-09-04 13:16:48.174 +03:30 [INF] HTTP POST /hangfire/stats responded 200 in 0.4 ms
2025-09-04 13:16:50.221 +03:30 [INF] HTTP POST /hangfire/stats responded 200 in 0.6 ms
2025-09-04 13:16:52.245 +03:30 [INF] HTTP POST /hangfire/stats responded 200 in 0.6 ms
2025-09-04 13:16:54.278 +03:30 [INF] HTTP POST /hangfire/stats responded 200 in 0.6 ms
2025-09-04 13:16:56.308 +03:30 [INF] HTTP POST /hangfire/stats responded 200 in 1.3 ms
2025-09-04 13:16:58.351 +03:30 [INF] HTTP POST /hangfire/stats responded 200 in 0.9 ms
2025-09-04 13:17:00.381 +03:30 [INF] HTTP POST /hangfire/stats responded 200 in 0.5 ms
2025-09-04 13:17:02.418 +03:30 [INF] HTTP POST /hangfire/stats responded 200 in 0.9 ms
2025-09-04 13:17:04.447 +03:30 [INF] HTTP POST /hangfire/stats responded 200 in 0.5 ms
2025-09-04 13:17:06.485 +03:30 [INF] HTTP POST /hangfire/stats responded 200 in 0.6 ms
2025-09-04 13:17:09.569 +03:30 [INF] HTTP POST /hangfire/stats responded 200 in 0.4 ms
2025-09-04 13:17:11.604 +03:30 [INF] HTTP POST /hangfire/stats responded 200 in 0.4 ms
2025-09-04 13:17:13.739 +03:30 [INF] HTTP POST /hangfire/stats responded 200 in 0.2 ms
2025-09-04 13:17:15.771 +03:30 [INF] HTTP POST /hangfire/stats responded 200 in 0.8 ms
2025-09-04 13:17:17.855 +03:30 [INF] HTTP POST /hangfire/stats responded 200 in 0.3 ms
2025-09-04 13:17:19.910 +03:30 [INF] HTTP POST /hangfire/stats responded 200 in 0.3 ms
2025-09-04 13:17:21.951 +03:30 [INF] HTTP POST /hangfire/stats responded 200 in 0.2 ms
2025-09-04 13:17:24.050 +03:30 [INF] HTTP POST /hangfire/stats responded 200 in 0.3 ms
2025-09-04 13:17:26.067 +03:30 [INF] HTTP POST /hangfire/stats responded 200 in 0.3 ms
2025-09-04 13:17:28.106 +03:30 [INF] HTTP POST /hangfire/stats responded 200 in 0.5 ms
2025-09-04 13:17:30.185 +03:30 [INF] HTTP POST /hangfire/stats responded 200 in 0.3 ms
2025-09-04 13:17:32.236 +03:30 [INF] HTTP POST /hangfire/stats responded 200 in 0.7 ms
2025-09-04 13:17:34.273 +03:30 [INF] HTTP POST /hangfire/stats responded 200 in 0.5 ms
2025-09-04 13:17:36.302 +03:30 [INF] HTTP POST /hangfire/stats responded 200 in 0.6 ms
2025-09-04 13:17:38.402 +03:30 [INF] HTTP POST /hangfire/stats responded 200 in 1.6 ms
2025-09-04 13:17:40.640 +03:30 [INF] HTTP POST /hangfire/stats responded 200 in 0.4 ms
2025-09-04 13:17:43.712 +03:30 [INF] HTTP POST /hangfire/stats responded 200 in 0.3 ms
2025-09-04 13:17:45.775 +03:30 [INF] HTTP POST /hangfire/stats responded 200 in 0.3 ms
2025-09-04 13:17:47.888 +03:30 [INF] HTTP POST /hangfire/stats responded 200 in 0.5 ms
2025-09-04 13:17:50.924 +03:30 [INF] HTTP POST /hangfire/stats responded 200 in 0.6 ms
2025-09-04 13:17:54.033 +03:30 [INF] HTTP POST /hangfire/stats responded 200 in 0.4 ms
2025-09-04 13:17:56.083 +03:30 [INF] HTTP POST /hangfire/stats responded 200 in 0.2 ms
2025-09-04 13:17:58.204 +03:30 [INF] HTTP POST /hangfire/stats responded 200 in 0.3 ms
2025-09-04 13:18:00.237 +03:30 [INF] HTTP POST /hangfire/stats responded 200 in 1.0 ms
2025-09-04 13:18:03.340 +03:30 [INF] HTTP POST /hangfire/stats responded 200 in 0.3 ms
2025-09-04 13:18:05.383 +03:30 [INF] HTTP POST /hangfire/stats responded 200 in 0.2 ms
2025-09-04 13:18:08.492 +03:30 [INF] HTTP POST /hangfire/stats responded 200 in 3.8 ms
2025-09-04 13:18:10.525 +03:30 [INF] HTTP POST /hangfire/stats responded 200 in 0.3 ms
2025-09-04 13:18:12.568 +03:30 [INF] HTTP POST /hangfire/stats responded 200 in 0.4 ms
2025-09-04 13:18:14.614 +03:30 [INF] HTTP POST /hangfire/stats responded 200 in 0.2 ms
2025-09-04 13:18:16.637 +03:30 [INF] HTTP POST /hangfire/stats responded 200 in 0.4 ms
2025-09-04 13:18:18.685 +03:30 [INF] HTTP POST /hangfire/stats responded 200 in 0.4 ms
2025-09-04 13:18:20.722 +03:30 [INF] HTTP POST /hangfire/stats responded 200 in 0.2 ms
2025-09-04 13:18:22.753 +03:30 [INF] HTTP POST /hangfire/stats responded 200 in 0.3 ms
2025-09-04 13:18:24.778 +03:30 [INF] HTTP POST /hangfire/stats responded 200 in 0.6 ms
2025-09-04 13:18:26.803 +03:30 [INF] HTTP POST /hangfire/stats responded 200 in 0.2 ms
2025-09-04 13:18:28.819 +03:30 [INF] HTTP POST /hangfire/stats responded 200 in 0.5 ms
2025-09-04 13:18:30.338 +03:30 [INF] HTTP GET /hangfire/recurring responded 200 in 1.1 ms
2025-09-04 13:18:32.511 +03:30 [INF] HTTP POST /hangfire/stats responded 200 in 0.3 ms
2025-09-04 13:18:34.136 +03:30 [INF] HTTP POST /hangfire/recurring/trigger responded 204 in 1.0 ms
2025-09-04 13:18:34.137 +03:30 [INF] --- Trading Job Started ---
2025-09-04 13:18:34.140 +03:30 [INF] C#: Attempting to establish a persistent connection to MQL4...
2025-09-04 13:18:34.156 +03:30 [INF] HTTP GET /hangfire/recurring responded 200 in 2.0 ms
2025-09-04 13:18:34.622 +03:30 [INF] HTTP POST /hangfire/recurring/trigger responded 204 in 2.5 ms
2025-09-04 13:18:34.622 +03:30 [INF] --- Trading Job Started ---
2025-09-04 13:18:34.642 +03:30 [INF] HTTP GET /hangfire/recurring responded 200 in 1.6 ms
2025-09-04 13:18:34.705 +03:30 [INF] C#: Attempting to establish a persistent connection to MQL4...
2025-09-04 13:18:34.967 +03:30 [INF] HTTP POST /hangfire/recurring/trigger responded 204 in 1.8 ms
2025-09-04 13:18:34.968 +03:30 [INF] --- Trading Job Started ---
2025-09-04 13:18:34.988 +03:30 [INF] C#: Attempting to establish a persistent connection to MQL4...
2025-09-04 13:18:34.988 +03:30 [INF] HTTP GET /hangfire/recurring responded 200 in 1.3 ms
2025-09-04 13:18:35.366 +03:30 [INF] HTTP POST /hangfire/recurring/trigger responded 204 in 4.3 ms
2025-09-04 13:18:35.374 +03:30 [INF] --- Trading Job Started ---
2025-09-04 13:18:35.376 +03:30 [INF] C#: Attempting to establish a persistent connection to MQL4...
2025-09-04 13:18:36.348 +03:30 [INF] HTTP GET /hangfire/recurring responded 200 in 2.3 ms
2025-09-04 13:18:36.880 +03:30 [INF] HTTP POST /hangfire/recurring/trigger responded 204 in 3.4 ms
2025-09-04 13:18:36.887 +03:30 [INF] --- Trading Job Started ---
2025-09-04 13:18:36.888 +03:30 [INF] C#: Attempting to establish a persistent connection to MQL4...
2025-09-04 13:18:37.877 +03:30 [INF] HTTP GET /hangfire/recurring responded 200 in 1.3 ms
2025-09-04 13:18:38.357 +03:30 [INF] HTTP POST /hangfire/recurring/trigger responded 204 in 2.8 ms
2025-09-04 13:18:38.358 +03:30 [INF] --- Trading Job Started ---
2025-09-04 13:18:38.376 +03:30 [INF] C#: Attempting to establish a persistent connection to MQL4...
2025-09-04 13:18:38.379 +03:30 [INF] HTTP GET /hangfire/recurring responded 200 in 3.7 ms
2025-09-04 13:18:39.163 +03:30 [ERR] An exception occurred in TradingJob.
System.TimeoutException: The operation has timed out.
   at System.IO.Pipes.NamedPipeClientStream.ConnectInternal(Int32 timeout, CancellationToken cancellationToken, Int32 startTime)
   at Infrastructure.Helpers.MetaTraderPipeClient.Connect() in D:\Trader\Trader\Infrastructure\Helpers\MetaTraderPipeClient.cs:line 15
   at Infrastructure.Extention.TradingJob.Execute() in D:\Trader\Trader\Infrastructure\Extention\TradingJob.cs:line 20
2025-09-04 13:18:39.167 +03:30 [INF] --- Trading Job Finished ---
2025-09-04 13:18:39.728 +03:30 [ERR] An exception occurred in TradingJob.
System.TimeoutException: The operation has timed out.
   at System.IO.Pipes.NamedPipeClientStream.ConnectInternal(Int32 timeout, CancellationToken cancellationToken, Int32 startTime)
   at Infrastructure.Helpers.MetaTraderPipeClient.Connect() in D:\Trader\Trader\Infrastructure\Helpers\MetaTraderPipeClient.cs:line 15
   at Infrastructure.Extention.TradingJob.Execute() in D:\Trader\Trader\Infrastructure\Extention\TradingJob.cs:line 20
2025-09-04 13:18:39.733 +03:30 [INF] --- Trading Job Finished ---
2025-09-04 13:18:40.039 +03:30 [ERR] An exception occurred in TradingJob.
System.TimeoutException: The operation has timed out.
   at System.IO.Pipes.NamedPipeClientStream.ConnectInternal(Int32 timeout, CancellationToken cancellationToken, Int32 startTime)
   at Infrastructure.Helpers.MetaTraderPipeClient.Connect() in D:\Trader\Trader\Infrastructure\Helpers\MetaTraderPipeClient.cs:line 15
   at Infrastructure.Extention.TradingJob.Execute() in D:\Trader\Trader\Infrastructure\Extention\TradingJob.cs:line 20
2025-09-04 13:18:40.047 +03:30 [INF] --- Trading Job Finished ---
2025-09-04 13:18:40.386 +03:30 [ERR] An exception occurred in TradingJob.
System.TimeoutException: The operation has timed out.
   at System.IO.Pipes.NamedPipeClientStream.ConnectInternal(Int32 timeout, CancellationToken cancellationToken, Int32 startTime)
   at Infrastructure.Helpers.MetaTraderPipeClient.Connect() in D:\Trader\Trader\Infrastructure\Helpers\MetaTraderPipeClient.cs:line 15
   at Infrastructure.Extention.TradingJob.Execute() in D:\Trader\Trader\Infrastructure\Extention\TradingJob.cs:line 20
2025-09-04 13:18:40.389 +03:30 [INF] --- Trading Job Finished ---
2025-09-04 13:18:40.657 +03:30 [INF] HTTP GET /hangfire/ responded 200 in 1.1 ms
2025-09-04 13:18:41.904 +03:30 [ERR] An exception occurred in TradingJob.
System.TimeoutException: The operation has timed out.
   at System.IO.Pipes.NamedPipeClientStream.ConnectInternal(Int32 timeout, CancellationToken cancellationToken, Int32 startTime)
   at Infrastructure.Helpers.MetaTraderPipeClient.Connect() in D:\Trader\Trader\Infrastructure\Helpers\MetaTraderPipeClient.cs:line 15
   at Infrastructure.Extention.TradingJob.Execute() in D:\Trader\Trader\Infrastructure\Extention\TradingJob.cs:line 20
2025-09-04 13:18:41.907 +03:30 [INF] --- Trading Job Finished ---
2025-09-04 13:18:42.872 +03:30 [INF] HTTP POST /hangfire/stats responded 200 in 0.3 ms
2025-09-04 13:18:43.395 +03:30 [ERR] An exception occurred in TradingJob.
System.TimeoutException: The operation has timed out.
   at System.IO.Pipes.NamedPipeClientStream.ConnectInternal(Int32 timeout, CancellationToken cancellationToken, Int32 startTime)
   at Infrastructure.Helpers.MetaTraderPipeClient.Connect() in D:\Trader\Trader\Infrastructure\Helpers\MetaTraderPipeClient.cs:line 15
   at Infrastructure.Extention.TradingJob.Execute() in D:\Trader\Trader\Infrastructure\Extention\TradingJob.cs:line 20
2025-09-04 13:18:43.407 +03:30 [INF] --- Trading Job Finished ---
2025-09-04 13:18:44.957 +03:30 [INF] HTTP POST /hangfire/stats responded 200 in 0.6 ms
2025-09-04 13:18:47.014 +03:30 [INF] HTTP POST /hangfire/stats responded 200 in 0.4 ms
2025-09-04 13:18:49.047 +03:30 [INF] HTTP POST /hangfire/stats responded 200 in 0.5 ms
2025-09-04 13:18:51.076 +03:30 [INF] HTTP POST /hangfire/stats responded 200 in 0.3 ms
2025-09-04 13:18:53.111 +03:30 [INF] HTTP POST /hangfire/stats responded 200 in 0.2 ms
2025-09-04 13:18:55.141 +03:30 [INF] HTTP POST /hangfire/stats responded 200 in 0.2 ms
2025-09-04 13:18:57.178 +03:30 [INF] HTTP POST /hangfire/stats responded 200 in 0.3 ms
2025-09-04 13:18:59.207 +03:30 [INF] HTTP POST /hangfire/stats responded 200 in 0.6 ms
2025-09-04 13:18:59.490 +03:30 [INF] HTTP GET /hangfire/ responded 200 in 0.8 ms
2025-09-04 13:19:01.409 +03:30 [INF] HTTP GET /hangfire/retries responded 200 in 5.2 ms
2025-09-04 13:19:02.348 +03:30 [INF] HTTP GET /hangfire/recurring responded 200 in 1.3 ms
2025-09-04 13:19:04.556 +03:30 [INF] HTTP POST /hangfire/stats responded 200 in 0.4 ms
2025-09-04 13:19:05.269 +03:30 [INF] HTTP POST /hangfire/recurring/trigger responded 204 in 1.5 ms
2025-09-04 13:19:05.270 +03:30 [INF] --- Trading Job Started ---
2025-09-04 13:19:05.305 +03:30 [INF] HTTP GET /hangfire/recurring responded 200 in 13.4 ms
2025-09-04 13:19:05.348 +03:30 [INF] C#: Attempting to establish a persistent connection to MQL4...
2025-09-04 13:19:06.101 +03:30 [INF] HTTP POST /hangfire/recurring/trigger responded 204 in 1.6 ms
2025-09-04 13:19:06.102 +03:30 [INF] --- Trading Job Started ---
2025-09-04 13:19:06.115 +03:30 [INF] C#: Attempting to establish a persistent connection to MQL4...
2025-09-04 13:19:06.137 +03:30 [INF] HTTP GET /hangfire/recurring responded 200 in 12.2 ms
2025-09-04 13:19:06.966 +03:30 [INF] HTTP POST /hangfire/recurring/trigger responded 204 in 1.3 ms
2025-09-04 13:19:06.967 +03:30 [INF] --- Trading Job Started ---
2025-09-04 13:19:06.998 +03:30 [INF] HTTP GET /hangfire/recurring responded 200 in 1.7 ms
2025-09-04 13:19:07.024 +03:30 [INF] C#: Attempting to establish a persistent connection to MQL4...
2025-09-04 13:19:07.704 +03:30 [INF] HTTP POST /hangfire/recurring/trigger responded 204 in 1.5 ms
2025-09-04 13:19:07.707 +03:30 [INF] --- Trading Job Started ---
2025-09-04 13:19:07.708 +03:30 [INF] C#: Attempting to establish a persistent connection to MQL4...
2025-09-04 13:19:08.453 +03:30 [INF] HTTP GET /hangfire/recurring responded 200 in 1.2 ms
2025-09-04 13:19:09.205 +03:30 [INF] HTTP POST /hangfire/recurring/trigger responded 204 in 1.3 ms
2025-09-04 13:19:09.206 +03:30 [INF] --- Trading Job Started ---
2025-09-04 13:19:09.219 +03:30 [INF] C#: Attempting to establish a persistent connection to MQL4...
2025-09-04 13:19:09.231 +03:30 [INF] HTTP GET /hangfire/recurring responded 200 in 2.2 ms
2025-09-04 13:19:10.117 +03:30 [INF] HTTP POST /hangfire/recurring/trigger responded 204 in 1.2 ms
2025-09-04 13:19:10.121 +03:30 [INF] --- Trading Job Started ---
2025-09-04 13:19:10.122 +03:30 [INF] C#: Attempting to establish a persistent connection to MQL4...
2025-09-04 13:19:10.353 +03:30 [ERR] An exception occurred in TradingJob.
System.TimeoutException: The operation has timed out.
   at System.IO.Pipes.NamedPipeClientStream.ConnectInternal(Int32 timeout, CancellationToken cancellationToken, Int32 startTime)
   at Infrastructure.Helpers.MetaTraderPipeClient.Connect() in D:\Trader\Trader\Infrastructure\Helpers\MetaTraderPipeClient.cs:line 15
   at Infrastructure.Extention.TradingJob.Execute() in D:\Trader\Trader\Infrastructure\Extention\TradingJob.cs:line 20
2025-09-04 13:19:10.357 +03:30 [INF] --- Trading Job Finished ---
2025-09-04 13:19:10.373 +03:30 [INF] HTTP GET /hangfire/recurring responded 200 in 1.0 ms
2025-09-04 13:19:10.832 +03:30 [INF] HTTP POST /hangfire/recurring/trigger responded 204 in 0.9 ms
2025-09-04 13:19:10.833 +03:30 [INF] --- Trading Job Started ---
2025-09-04 13:19:10.852 +03:30 [INF] HTTP GET /hangfire/recurring responded 200 in 1.0 ms
2025-09-04 13:19:10.913 +03:30 [INF] C#: Attempting to establish a persistent connection to MQL4...
2025-09-04 13:19:11.129 +03:30 [ERR] An exception occurred in TradingJob.
System.TimeoutException: The operation has timed out.
   at System.IO.Pipes.NamedPipeClientStream.ConnectInternal(Int32 timeout, CancellationToken cancellationToken, Int32 startTime)
   at Infrastructure.Helpers.MetaTraderPipeClient.Connect() in D:\Trader\Trader\Infrastructure\Helpers\MetaTraderPipeClient.cs:line 15
   at Infrastructure.Extention.TradingJob.Execute() in D:\Trader\Trader\Infrastructure\Extention\TradingJob.cs:line 20
2025-09-04 13:19:11.132 +03:30 [INF] --- Trading Job Finished ---
2025-09-04 13:19:11.587 +03:30 [INF] HTTP POST /hangfire/recurring/trigger responded 204 in 1.1 ms
2025-09-04 13:19:11.588 +03:30 [INF] --- Trading Job Started ---
2025-09-04 13:19:11.631 +03:30 [INF] C#: Attempting to establish a persistent connection to MQL4...
2025-09-04 13:19:11.613 +03:30 [INF] HTTP GET /hangfire/recurring responded 200 in 4.6 ms
2025-09-04 13:19:12.075 +03:30 [ERR] An exception occurred in TradingJob.
System.TimeoutException: The operation has timed out.
   at System.IO.Pipes.NamedPipeClientStream.ConnectInternal(Int32 timeout, CancellationToken cancellationToken, Int32 startTime)
   at Infrastructure.Helpers.MetaTraderPipeClient.Connect() in D:\Trader\Trader\Infrastructure\Helpers\MetaTraderPipeClient.cs:line 15
   at Infrastructure.Extention.TradingJob.Execute() in D:\Trader\Trader\Infrastructure\Extention\TradingJob.cs:line 20
2025-09-04 13:19:12.092 +03:30 [INF] --- Trading Job Finished ---
2025-09-04 13:19:12.308 +03:30 [INF] HTTP POST /hangfire/recurring/trigger responded 204 in 3.5 ms
2025-09-04 13:19:12.315 +03:30 [INF] --- Trading Job Started ---
2025-09-04 13:19:12.334 +03:30 [INF] C#: Attempting to establish a persistent connection to MQL4...
2025-09-04 13:19:12.349 +03:30 [INF] HTTP GET /hangfire/recurring responded 200 in 1.0 ms
2025-09-04 13:19:12.727 +03:30 [ERR] An exception occurred in TradingJob.
System.TimeoutException: The operation has timed out.
   at System.IO.Pipes.NamedPipeClientStream.ConnectInternal(Int32 timeout, CancellationToken cancellationToken, Int32 startTime)
   at Infrastructure.Helpers.MetaTraderPipeClient.Connect() in D:\Trader\Trader\Infrastructure\Helpers\MetaTraderPipeClient.cs:line 15
   at Infrastructure.Extention.TradingJob.Execute() in D:\Trader\Trader\Infrastructure\Extention\TradingJob.cs:line 20
2025-09-04 13:19:12.740 +03:30 [INF] --- Trading Job Finished ---
2025-09-04 13:19:13.690 +03:30 [INF] HTTP GET /hangfire/ responded 200 in 0.5 ms
2025-09-04 13:19:14.224 +03:30 [ERR] An exception occurred in TradingJob.
System.TimeoutException: The operation has timed out.
   at System.IO.Pipes.NamedPipeClientStream.ConnectInternal(Int32 timeout, CancellationToken cancellationToken, Int32 startTime)
   at Infrastructure.Helpers.MetaTraderPipeClient.Connect() in D:\Trader\Trader\Infrastructure\Helpers\MetaTraderPipeClient.cs:line 15
   at Infrastructure.Extention.TradingJob.Execute() in D:\Trader\Trader\Infrastructure\Extention\TradingJob.cs:line 20
2025-09-04 13:19:14.231 +03:30 [INF] --- Trading Job Finished ---
2025-09-04 13:19:15.136 +03:30 [ERR] An exception occurred in TradingJob.
System.TimeoutException: The operation has timed out.
   at System.IO.Pipes.NamedPipeClientStream.ConnectInternal(Int32 timeout, CancellationToken cancellationToken, Int32 startTime)
   at Infrastructure.Helpers.MetaTraderPipeClient.Connect() in D:\Trader\Trader\Infrastructure\Helpers\MetaTraderPipeClient.cs:line 15
   at Infrastructure.Extention.TradingJob.Execute() in D:\Trader\Trader\Infrastructure\Extention\TradingJob.cs:line 20
2025-09-04 13:19:15.145 +03:30 [INF] --- Trading Job Finished ---
2025-09-04 13:19:15.944 +03:30 [ERR] An exception occurred in TradingJob.
System.TimeoutException: The operation has timed out.
   at System.IO.Pipes.NamedPipeClientStream.ConnectInternal(Int32 timeout, CancellationToken cancellationToken, Int32 startTime)
   at Infrastructure.Helpers.MetaTraderPipeClient.Connect() in D:\Trader\Trader\Infrastructure\Helpers\MetaTraderPipeClient.cs:line 15
   at Infrastructure.Extention.TradingJob.Execute() in D:\Trader\Trader\Infrastructure\Extention\TradingJob.cs:line 20
2025-09-04 13:19:15.955 +03:30 [INF] HTTP POST /hangfire/stats responded 200 in 0.2 ms
2025-09-04 13:19:15.955 +03:30 [INF] --- Trading Job Finished ---
2025-09-04 13:19:16.656 +03:30 [ERR] An exception occurred in TradingJob.
System.TimeoutException: The operation has timed out.
   at System.IO.Pipes.NamedPipeClientStream.ConnectInternal(Int32 timeout, CancellationToken cancellationToken, Int32 startTime)
   at Infrastructure.Helpers.MetaTraderPipeClient.Connect() in D:\Trader\Trader\Infrastructure\Helpers\MetaTraderPipeClient.cs:line 15
   at Infrastructure.Extention.TradingJob.Execute() in D:\Trader\Trader\Infrastructure\Extention\TradingJob.cs:line 20
2025-09-04 13:19:16.667 +03:30 [INF] --- Trading Job Finished ---
2025-09-04 13:19:17.359 +03:30 [ERR] An exception occurred in TradingJob.
System.TimeoutException: The operation has timed out.
   at System.IO.Pipes.NamedPipeClientStream.ConnectInternal(Int32 timeout, CancellationToken cancellationToken, Int32 startTime)
   at Infrastructure.Helpers.MetaTraderPipeClient.Connect() in D:\Trader\Trader\Infrastructure\Helpers\MetaTraderPipeClient.cs:line 15
   at Infrastructure.Extention.TradingJob.Execute() in D:\Trader\Trader\Infrastructure\Extention\TradingJob.cs:line 20
2025-09-04 13:19:17.365 +03:30 [INF] --- Trading Job Finished ---
2025-09-04 13:19:17.986 +03:30 [INF] HTTP POST /hangfire/stats responded 200 in 0.4 ms
2025-09-04 13:19:20.007 +03:30 [INF] HTTP POST /hangfire/stats responded 200 in 0.5 ms
2025-09-04 13:19:22.035 +03:30 [INF] HTTP POST /hangfire/stats responded 200 in 0.4 ms
2025-09-04 13:19:24.065 +03:30 [INF] HTTP POST /hangfire/stats responded 200 in 0.4 ms
2025-09-04 13:19:26.095 +03:30 [INF] HTTP POST /hangfire/stats responded 200 in 0.4 ms
2025-09-04 13:19:28.122 +03:30 [INF] HTTP POST /hangfire/stats responded 200 in 0.2 ms
2025-09-04 13:19:30.168 +03:30 [INF] HTTP POST /hangfire/stats responded 200 in 0.3 ms
2025-09-04 13:19:32.221 +03:30 [INF] HTTP POST /hangfire/stats responded 200 in 0.3 ms
2025-09-04 13:19:34.272 +03:30 [INF] HTTP POST /hangfire/stats responded 200 in 1.8 ms
2025-09-04 13:19:36.316 +03:30 [INF] HTTP POST /hangfire/stats responded 200 in 0.4 ms
2025-09-04 13:19:38.354 +03:30 [INF] HTTP POST /hangfire/stats responded 200 in 1.7 ms
2025-09-04 13:19:40.700 +03:30 [INF] HTTP POST /hangfire/stats responded 200 in 0.2 ms
2025-09-04 13:19:42.770 +03:30 [INF] HTTP POST /hangfire/stats responded 200 in 0.2 ms
2025-09-04 13:19:44.896 +03:30 [INF] HTTP POST /hangfire/stats responded 200 in 0.4 ms
2025-09-04 13:19:46.961 +03:30 [INF] HTTP POST /hangfire/stats responded 200 in 0.8 ms
2025-09-04 13:19:49.040 +03:30 [INF] HTTP POST /hangfire/stats responded 200 in 0.3 ms
2025-09-04 13:19:51.100 +03:30 [INF] HTTP POST /hangfire/stats responded 200 in 0.3 ms
2025-09-04 13:19:53.132 +03:30 [INF] HTTP POST /hangfire/stats responded 200 in 0.4 ms
2025-09-04 13:19:55.169 +03:30 [INF] HTTP POST /hangfire/stats responded 200 in 0.5 ms
2025-09-04 13:19:57.216 +03:30 [INF] HTTP POST /hangfire/stats responded 200 in 0.3 ms
2025-09-04 13:20:00.150 +03:30 [INF] HTTP POST /hangfire/stats responded 200 in 0.4 ms
2025-09-04 13:20:02.221 +03:30 [INF] HTTP POST /hangfire/stats responded 200 in 0.3 ms
2025-09-04 13:20:04.281 +03:30 [INF] HTTP POST /hangfire/stats responded 200 in 0.2 ms
2025-09-04 13:20:06.375 +03:30 [INF] HTTP POST /hangfire/stats responded 200 in 0.3 ms
2025-09-04 13:20:09.480 +03:30 [INF] HTTP POST /hangfire/stats responded 200 in 0.2 ms
2025-09-04 13:20:12.519 +03:30 [INF] HTTP POST /hangfire/stats responded 200 in 0.3 ms
2025-09-04 13:20:14.582 +03:30 [INF] HTTP POST /hangfire/stats responded 200 in 0.3 ms
2025-09-04 13:20:16.630 +03:30 [INF] HTTP POST /hangfire/stats responded 200 in 0.2 ms
2025-09-04 13:20:18.678 +03:30 [INF] HTTP POST /hangfire/stats responded 200 in 0.4 ms
2025-09-04 13:20:20.703 +03:30 [INF] HTTP POST /hangfire/stats responded 200 in 0.6 ms
2025-09-04 13:20:23.756 +03:30 [INF] HTTP POST /hangfire/stats responded 200 in 0.3 ms
2025-09-04 13:20:26.879 +03:30 [INF] HTTP POST /hangfire/stats responded 200 in 0.4 ms
2025-09-04 13:20:29.941 +03:30 [INF] HTTP POST /hangfire/stats responded 200 in 0.3 ms
2025-09-04 13:20:32.035 +03:30 [INF] HTTP POST /hangfire/stats responded 200 in 1.1 ms
2025-09-04 13:20:34.104 +03:30 [INF] HTTP POST /hangfire/stats responded 200 in 0.3 ms
2025-09-04 13:20:36.139 +03:30 [INF] HTTP POST /hangfire/stats responded 200 in 0.4 ms
2025-09-04 13:20:38.179 +03:30 [INF] HTTP POST /hangfire/stats responded 200 in 0.4 ms
2025-09-04 13:20:40.229 +03:30 [INF] HTTP POST /hangfire/stats responded 200 in 0.3 ms
2025-09-04 13:20:42.309 +03:30 [INF] HTTP POST /hangfire/stats responded 200 in 0.4 ms
2025-09-04 13:20:45.360 +03:30 [INF] HTTP POST /hangfire/stats responded 200 in 0.3 ms
2025-09-04 13:20:47.472 +03:30 [INF] HTTP POST /hangfire/stats responded 200 in 0.2 ms
2025-09-04 13:20:49.508 +03:30 [INF] HTTP POST /hangfire/stats responded 200 in 0.3 ms
2025-09-04 13:20:52.072 +03:30 [INF] Server desktop-oc3thlo:12720:0b9df426 caught stopping signal...
2025-09-04 13:20:52.158 +03:30 [INF] Server desktop-oc3thlo:12720:0b9df426 All dispatchers stopped
2025-09-04 13:20:52.179 +03:30 [INF] Server desktop-oc3thlo:12720:0b9df426 successfully reported itself as stopped in 0.5895 ms
2025-09-04 13:20:52.184 +03:30 [INF] Server desktop-oc3thlo:12720:0b9df426 has been stopped in total 56.166 ms
